
> dental-crm@1.0.0 build
> NEXT_DISABLE_SWC_WASM=1 next build

  ▲ Next.js 14.2.33
  - Environments: .env.local
  - Experiments (use with caution):
    · instrumentationHook

   Creating an optimized production build ...
   Downloading swc package @next/swc-darwin-arm64...
[@sentry/nextjs] It seems like you don't have a global error handler set up. It is recommended that you add a 'global-error.js' file with Sentry instrumentation so that React rendering errors are reported to Sentry. Read more: https://docs.sentry.io/platforms/javascript/guides/nextjs/manual-setup/#react-render-errors-in-app-router (you can suppress this warning by setting SENTRY_SUPPRESS_GLOBAL_ERROR_HANDLER_FILE_WARNING=1 as environment variable)
[@sentry/nextjs] DEPRECATION WARNING: It is recommended renaming your `sentry.client.config.ts` file, or moving its content to `instrumentation-client.ts`. When using Turbopack `sentry.client.config.ts` will no longer work. Read more about the `instrumentation-client.ts` file: https://nextjs.org/docs/app/api-reference/file-conventions/instrumentation-client
<w> [webpack.cache.PackFileCacheStrategy] Serializing big strings (118kiB) impacts deserialization performance (consider using Buffer instead and decode when needed)
<w> [webpack.cache.PackFileCacheStrategy] Serializing big strings (185kiB) impacts deserialization performance (consider using Buffer instead and decode when needed)
<w> [webpack.cache.PackFileCacheStrategy] Serializing big strings (139kiB) impacts deserialization performance (consider using Buffer instead and decode when needed)
<w> [webpack.cache.PackFileCacheStrategy] Serializing big strings (138kiB) impacts deserialization performance (consider using Buffer instead and decode when needed)
Failed to compile.

./src/app/tasks/page.tsx
Error: 
  [31mx[0m Unexpected token `DashboardLayout`. Expected jsx identifier
     ,-[[36;1;4m/Users/deepak/auth-app/dental-crm/src/app/tasks/page.tsx[0m:321:1]
 [2m321[0m |   }
 [2m322[0m | 
 [2m323[0m |   return (
 [2m324[0m |     <DashboardLayout>
     : [31;1m     ^^^^^^^^^^^^^^^[0m
 [2m325[0m |       <div className="flex-1 overflow-hidden flex flex-col">
 [2m326[0m |       {/* Header */}
 [2m327[0m |       <div className="flex-shrink-0 px-8 py-6 border-b border-gray-200 bg-white">
     `----

Caused by:
    Syntax Error

Import trace for requested module:
./src/app/tasks/page.tsx


> Build failed because of webpack errors
